Copyright 1986-2018 Xilinx, Inc. All Rights Reserved.
------------------------------------------------------------------------------------
| Tool Version : Vivado v.2018.3 (win64) Build 2405991 Thu Dec  6 23:38:27 MST 2018
| Date         : Mon Sep 16 21:23:48 2019
| Host         : DESKTOP-B3RT09T running 64-bit major release  (build 9200)
| Command      : report_incremental_reuse -file top_incremental_reuse_routed.rpt
| Design       : top
| Device       : xc7a200t
| Design State : Fully Routed
------------------------------------------------------------------------------------

Incremental Implementation Information

Table of Contents
-----------------
1. Reuse Summary
2. Reference Checkpoint Information
3. Comparison with Reference Run
4. Non Reuse Information

1. Reuse Summary
----------------

+-------+----------------------+--------------------+--------------------+-------+
|  Type | Matched % (of Total) | Reuse % (of Total) | Fixed % (of Total) | Total |
+-------+----------------------+--------------------+--------------------+-------+
| Cells |               100.00 |             100.00 |              10.00 |    40 |
| Nets  |               100.00 |              88.88 |               0.00 |    36 |
| Pins  |                    - |              97.36 |                  - |   114 |
| Ports |               100.00 |             100.00 |             100.00 |     6 |
+-------+----------------------+--------------------+--------------------+-------+


2. Reference Checkpoint Information
-----------------------------------

+----------------+-------------------------------------------------------------------------------------------------------------------------------------------------------------+
| DCP Location:  | D:/OneDrive - HKUST Connect/Lab/color_filter_testing_FAST_VSRSION/proj/color_filter_testing/color_filter_testing.srcs/utils_1/imports/impl_1/top_routed.dcp |
+----------------+-------------------------------------------------------------------------------------------------------------------------------------------------------------+


+--------------------------------+----------------------------+
|         DCP Information        |            Value           |
+--------------------------------+----------------------------+
| Vivado Version                 |                    v2018.3 |
| DCP State                      |                 POST_ROUTE |
| Recorded WNS                   |                     97.919 |
| Recorded WHS                   |                      0.143 |
| Reference Speed File Version   | PRODUCTION 1.23 2018-06-13 |
| Incremental Speed File Version | PRODUCTION 1.23 2018-06-13 |
+--------------------------------+----------------------------+
* Recorded WNS/WHS timing numbers are estimated timing numbers. They may vary slightly from sign-off timing numbers.


3. Comparison with Reference Run
--------------------------------

+-----------------+---------------------------+---------------------------+---------------------------+
|                 |          WNS(ns)          |  Runtime(elapsed)(hh:mm)  |    Runtime(cpu)(hh:mm)    |
+-----------------+-------------+-------------+-------------+-------------+-------------+-------------+
|      Stage      |  Reference  | Incremental |  Reference  | Incremental |  Reference  | Incremental |
+-----------------+-------------+-------------+-------------+-------------+-------------+-------------+
| synth_design    |             |             |     < 1 min |     < 1 min |     < 1 min |     < 1 min |
| opt_design      |             |             |     < 1 min |     < 1 min |     < 1 min |     < 1 min |
| read_checkpoint |             |             |     < 1 min |     < 1 min |     < 1 min |     < 1 min |
| place_design    |      97.572 |      97.920 |     < 1 min |     < 1 min |     < 1 min |     < 1 min |
| route_design    |      97.919 |      97.917 |       00:01 |       00:01 |       00:01 |       00:01 |
+-----------------+-------------+-------------+-------------+-------------+-------------+-------------+


4. Non Reuse Information
------------------------

+-----------------------+------+
|          Type         |   %  |
+-----------------------+------+
| Non-Reused Cells      | 0.00 |
| Partially reused nets | 5.55 |
| Non-Reused nets       | 5.55 |
| Non-Reused Ports      | 0.00 |
+-----------------------+------+


